EVA3_6_CURSORES

MySQL Shell 8.0.38

Copyright (c) 2016, 2024, Oracle and/or its affiliates.
Oracle is a registered trademark of Oracle Corporation and/or its affiliates.
Other names may be trademarks of their respective owners.

Type '\help' or '\?' for help; '\quit' to exit.
 MySQL  JS > \sql
Switching to SQL mode... Commands end with ;
 MySQL  SQL > \connect --mc root@localhost
Creating a Classic session to 'root@localhost'
Fetching global names for auto-completion... Press ^C to stop.
Your MySQL connection id is 8
Server version: 8.0.39 MySQL Community Server - GPL
No default schema selected; type \use <schema> to set one.
 MySQL  localhost:3306 ssl  SQL > use tbd_e3;
Default schema set to `tbd_e3`.
Fetching global names, object names from `tbd_e3` for auto-completion... Press ^C to stop.
 MySQL  localhost:3306 ssl  tbd_e3  SQL > create table prueba(id int key not null);
Query OK, 0 rows affected (0.0419 sec)
 MySQL  localhost:3306 ssl  tbd_e3  SQL > desc prueba;
+-------+------+------+-----+---------+-------+
| Field | Type | Null | Key | Default | Extra |
+-------+------+------+-----+---------+-------+
| id    | int  | NO   | PRI | NULL    |       |
+-------+------+------+-----+---------+-------+
1 row in set (0.0022 sec)
 MySQL  localhost:3306 ssl  tbd_e3  SQL > call insertar_prueba(1);
+------------------------------+
| Mensaje                      |
+------------------------------+
| Clave correctamente aplicada |
+------------------------------+
1 row in set (0.0118 sec)

Query OK, 0 rows affected (0.0118 sec)
 MySQL  localhost:3306 ssl  tbd_e3  SQL > call insertar_prueba(1);
+------------------------+
| Mensaje                |
+------------------------+
| Error: clave duplicada |
+------------------------+
1 row in set (0.0023 sec)

Query OK, 0 rows affected (0.0023 sec)
 MySQL  localhost:3306 ssl  tbd_e3  SQL > use empresa;
Default schema set to `empresa`.
Fetching global names, object names from `empresa` for auto-completion... Press ^C to stop.
 MySQL  localhost:3306 ssl  empresa  SQL > call contar_paises();
ERROR: 1318 (42000): Incorrect number of arguments for PROCEDURE empresa.contar_paises; expected 1, got 0
 MySQL  localhost:3306 ssl  empresa  SQL > call contar_paises(4);
ERROR: 1414 (42000): OUT or INOUT argument 1 for routine empresa.contar_paises is not a variable or NEW pseudo-variable in BEFORE trigger
 MySQL  localhost:3306 ssl  empresa  SQL > call contar_paises(1);
ERROR: 1414 (42000): OUT or INOUT argument 1 for routine empresa.contar_paises is not a variable or NEW pseudo-variable in BEFORE trigger
 MySQL  localhost:3306 ssl  empresa  SQL > set @valor = 0;
Query OK, 0 rows affected (0.0020 sec)
 MySQL  localhost:3306 ssl  empresa  SQL > call contar_paises(@valor);
Query OK, 0 rows affected (0.0147 sec)
 MySQL  localhost:3306 ssl  empresa  SQL > select @valor;
+--------+
| @valor |
+--------+
|     29 |
+--------+
1 row in set (0.0004 sec)
 MySQL  localhost:3306 ssl  empresa  SQL > select * from countries;
+------------+--------------------------+-----------+
| COUNTRY_ID | COUNTRY_NAME             | REGION_ID |
+------------+--------------------------+-----------+
| AR         | Argentina                |         2 |
| AU         | Australia                |         3 |
| BE         | Belgium                  |         1 |
| BR         | Brazil                   |         2 |
| CA         | Canada                   |         2 |
| CH         | Switzerland              |         1 |
| CN         | China                    |         3 |
| DE         | Germany                  |         1 |
| DK         | Denmark                  |         1 |
| EG         | Egypt                    |         4 |
| FR         | France                   |         1 |
| HK         | HongKong                 |         3 |
| IL         | Israel                   |         4 |
| IN         | India                    |         3 |
| IT         | Italy                    |         1 |
| JP         | Japan                    |         3 |
| KW         | Kuwait                   |         4 |
| MX         | Mexico                   |         2 |
| NG         | Nigeria                  |         4 |
| NL         | Netherlands              |         1 |
| PA         | Pangea                   |      NULL |
| SG         | Singapore                |         3 |
| UK         | United Kingdom           |         1 |
| US         | United States of America |         2 |
| XX         | NULL                     |      NULL |
| ZM         | Zambia                   |         4 |
| ZW         | Zimbabwe                 |         4 |
| ZZ         | Sin pais                 |         1 |
+------------+--------------------------+-----------+
28 rows in set (0.0023 sec)
 MySQL  localhost:3306 ssl  empresa  SQL >